[html.awaikenthemes.com/labrix/index.html]
[backblue.gif]
[fade.gif]
[index.html]
[html.awaikenthemes.com/labrix/images/favicon.png]
[html.awaikenthemes.com/labrix/css/bootstrap.min.css]
[html.awaikenthemes.com/labrix/css/slicknav.min.css]
[html.awaikenthemes.com/labrix/css/swiper-bundle.min.css]
[html.awaikenthemes.com/labrix/css/all.min.css]
[html.awaikenthemes.com/labrix/css/animate.css]
[html.awaikenthemes.com/labrix/css/magnific-popup.css]
[html.awaikenthemes.com/labrix/css/mousecursor.css]
[html.awaikenthemes.com/labrix/css/custom.css]
[html.awaikenthemes.com/labrix/images/loader.svg]
[html.awaikenthemes.com/labrix/images/logo.svg]
[html.awaikenthemes.com/labrix/index-2.html]
[html.awaikenthemes.com/labrix/index-video.html]
[html.awaikenthemes.com/labrix/index-slider.html]
[html.awaikenthemes.com/labrix/about.html]
[html.awaikenthemes.com/labrix/services.html]
[html.awaikenthemes.com/labrix/blog.html]
[html.awaikenthemes.com/labrix/service-single.html]
[html.awaikenthemes.com/labrix/blog-single.html]
[html.awaikenthemes.com/labrix/case-study.html]
[html.awaikenthemes.com/labrix/case-study-single.html]
[html.awaikenthemes.com/labrix/team.html]
[html.awaikenthemes.com/labrix/team-single.html]
[html.awaikenthemes.com/labrix/pricing.html]
[html.awaikenthemes.com/labrix/testimonials.html]
[html.awaikenthemes.com/labrix/image-gallery.html]
[html.awaikenthemes.com/labrix/video-gallery.html]
[html.awaikenthemes.com/labrix/faqs.html]
[html.awaikenthemes.com/labrix/404.html]
[html.awaikenthemes.com/labrix/contact.html]
[html.awaikenthemes.com/labrix/images/satisfy-client-img-1.jpg]
[html.awaikenthemes.com/labrix/images/satisfy-client-img-2.jpg]
[html.awaikenthemes.com/labrix/images/satisfy-client-img-3.jpg]
[html.awaikenthemes.com/labrix/images/satisfy-client-img-4.jpg]
[html.awaikenthemes.com/labrix/images/video-circle.svg]
[html.awaikenthemes.com/labrix/images/icon-sparkle.svg]
[html.awaikenthemes.com/labrix/images/about-us-image-1.jpg]
[html.awaikenthemes.com/labrix/images/about-us-image-2.jpg]
[html.awaikenthemes.com/labrix/images/service-1.jpg]
[html.awaikenthemes.com/labrix/images/icon-service-1.svg]
[html.awaikenthemes.com/labrix/images/arrow-white.svg]
[html.awaikenthemes.com/labrix/images/icon-service-2.svg]
[html.awaikenthemes.com/labrix/images/icon-service-3.svg]
[html.awaikenthemes.com/labrix/images/icon-service-4.svg]
[html.awaikenthemes.com/labrix/images/why-choose-image.jpg]
[html.awaikenthemes.com/labrix/images/icon-why-choose-1.svg]
[html.awaikenthemes.com/labrix/images/icon-why-choose-2.svg]
[html.awaikenthemes.com/labrix/images/why-choose-body-image.jpg]
[html.awaikenthemes.com/labrix/images/icon-what-we-item-1.svg]
[html.awaikenthemes.com/labrix/images/icon-what-we-item-2.svg]
[html.awaikenthemes.com/labrix/images/icon-what-we-item-3.svg]
[html.awaikenthemes.com/labrix/images/icon-what-we-item-4.svg]
[html.awaikenthemes.com/labrix/images/case-study-1.jpg]
[html.awaikenthemes.com/labrix/images/arrow-primary.svg]
[html.awaikenthemes.com/labrix/images/case-study-2.jpg]
[html.awaikenthemes.com/labrix/images/case-study-3.jpg]
[html.awaikenthemes.com/labrix/images/intro-video-image.jpg]
[html.awaikenthemes.com/labrix/images/how-work-image.jpg]
[html.awaikenthemes.com/labrix/images/satisfy-client-img-5.jpg]
[html.awaikenthemes.com/labrix/images/author-1.jpg]
[html.awaikenthemes.com/labrix/images/testimonial-quote.svg]
[html.awaikenthemes.com/labrix/images/author-2.jpg]
[html.awaikenthemes.com/labrix/images/author-3.jpg]
[html.awaikenthemes.com/labrix/images/post-1.jpg]
[html.awaikenthemes.com/labrix/images/post-2.jpg]
[html.awaikenthemes.com/labrix/images/post-3.jpg]
[html.awaikenthemes.com/labrix/images/footer-logo.svg]
[html.awaikenthemes.com/labrix/js/jquery-3.7.1.min.js]
[html.awaikenthemes.com/labrix/js/bootstrap.min.js]
[html.awaikenthemes.com/labrix/js/validator.min.js]
[html.awaikenthemes.com/labrix/js/jquery.slicknav.js]
[html.awaikenthemes.com/labrix/js/swiper-bundle.min.js]
[html.awaikenthemes.com/labrix/js/jquery.waypoints.min.js]
[html.awaikenthemes.com/labrix/js/jquery.counterup.min.js]
[html.awaikenthemes.com/labrix/js/jquery.magnific-popup.min.js]
[html.awaikenthemes.com/labrix/js/SmoothScroll.js]
[html.awaikenthemes.com/labrix/js/parallaxie.js]
[html.awaikenthemes.com/labrix/js/gsap.min.js]
[html.awaikenthemes.com/labrix/js/magiccursor.js]
[html.awaikenthemes.com/labrix/js/SplitText.js]
[html.awaikenthemes.com/labrix/js/ScrollTrigger.min.js]
[html.awaikenthemes.com/labrix/js/jquery.mb.YTPlayer.min.js]
[html.awaikenthemes.com/labrix/js/wow.min.js]
[html.awaikenthemes.com/labrix/js/function.js]
[html.awaikenthemes.com/labrix/index.html]
[html.awaikenthemes.com/labrix/css/bootstrap.min.css]
[html.awaikenthemes.com/labrix/css/slicknav.min.css]
[html.awaikenthemes.com/labrix/css/swiper-bundle.min.css]
[demo.awaikenthemes.com/assets/js/theme-panel.js]
[html.awaikenthemes.com/labrix/webfonts/fa-brands-400.woff2]
[html.awaikenthemes.com/labrix/webfonts/fa-brands-400.ttf]
[html.awaikenthemes.com/labrix/webfonts/fa-regular-400.woff2]
[html.awaikenthemes.com/labrix/webfonts/fa-regular-400.ttf]
[html.awaikenthemes.com/labrix/webfonts/fa-solid-900.woff2]
[html.awaikenthemes.com/labrix/webfonts/fa-solid-900.ttf]
[html.awaikenthemes.com/labrix/webfonts/fa-v4compatibility.woff2]
[html.awaikenthemes.com/labrix/webfonts/fa-v4compatibility.ttf]
[html.awaikenthemes.com/labrix/css/all.min.css]
[html.awaikenthemes.com/labrix/css/animate.css]
[html.awaikenthemes.com/labrix/css/magnific-popup.css]
[html.awaikenthemes.com/labrix/css/mousecursor.css]
[html.awaikenthemes.com/labrix/images/hero-bg.jpg]
[html.awaikenthemes.com/labrix/images/section-bg-shape-1.png]
[html.awaikenthemes.com/labrix/images/section-bg-shape-2.png]
[html.awaikenthemes.com/labrix/images/section-bg-shape-3.png]
[html.awaikenthemes.com/labrix/images/section-bg-shape-4.png]
[html.awaikenthemes.com/labrix/images/section-bg-shape-5.png]
[html.awaikenthemes.com/labrix/images/page-header-bg.jpg]
[html.awaikenthemes.com/labrix/images/section-bg-shape-6.png]
[html.awaikenthemes.com/labrix/images/sidebar-cta-bg.jpg]
[html.awaikenthemes.com/labrix/css/custom.css]
[html.awaikenthemes.com/labrix/images/loader.svg]
[html.awaikenthemes.com/labrix/images/logo.svg]
[html.awaikenthemes.com/labrix/index-2.html]
[html.awaikenthemes.com/labrix/index-video.html]
[html.awaikenthemes.com/labrix/images/icon-blockquote.svg]
[html.awaikenthemes.com/labrix/images/hero-bg-2.jpg]
[html.awaikenthemes.com/labrix/index-slider.html]
[html.awaikenthemes.com/labrix/images/approach-image.jpg]
[html.awaikenthemes.com/labrix/images/icon-mission.svg]
[html.awaikenthemes.com/labrix/images/icon-vision.svg]
[html.awaikenthemes.com/labrix/images/value-img-1.jpg]
[html.awaikenthemes.com/labrix/images/icon-experience.svg]
[html.awaikenthemes.com/labrix/images/value-img-2.jpg]
[html.awaikenthemes.com/labrix/images/team-1.jpg]
[html.awaikenthemes.com/labrix/images/team-2.jpg]
[html.awaikenthemes.com/labrix/images/team-3.jpg]
[html.awaikenthemes.com/labrix/images/team-4.jpg]
[html.awaikenthemes.com/labrix/about.html]
[html.awaikenthemes.com/labrix/images/icon-service-5.svg]
[html.awaikenthemes.com/labrix/images/icon-service-6.svg]
[html.awaikenthemes.com/labrix/images/icon-service-7.svg]
[html.awaikenthemes.com/labrix/services.html]
[html.awaikenthemes.com/labrix/images/icon-service-8.svg]
[html.awaikenthemes.com/labrix/images/post-4.jpg]
[html.awaikenthemes.com/labrix/images/post-5.jpg]
[html.awaikenthemes.com/labrix/images/post-6.jpg]
[html.awaikenthemes.com/labrix/blog.html]
[html.awaikenthemes.com/labrix/images/service-discover-image.jpg]
[html.awaikenthemes.com/labrix/images/icon-service-result-1.svg]
[html.awaikenthemes.com/labrix/images/icon-service-result-2.svg]
[html.awaikenthemes.com/labrix/images/service-partnership-image.jpg]
[html.awaikenthemes.com/labrix/service-single.html]
[html.awaikenthemes.com/labrix/blog-single.html]
[html.awaikenthemes.com/labrix/images/case-study-4.jpg]
[html.awaikenthemes.com/labrix/images/case-study-5.jpg]
[html.awaikenthemes.com/labrix/images/case-study-6.jpg]
[html.awaikenthemes.com/labrix/case-study.html]
[html.awaikenthemes.com/labrix/images/icon-empowering-1.svg]
[html.awaikenthemes.com/labrix/images/icon-empowering-2.svg]
[html.awaikenthemes.com/labrix/images/shaping-future-image.jpg]
[html.awaikenthemes.com/labrix/case-study-single.html]
[html.awaikenthemes.com/labrix/images/team-5.jpg]
[html.awaikenthemes.com/labrix/images/team-6.jpg]
[html.awaikenthemes.com/labrix/images/team-7.jpg]
[html.awaikenthemes.com/labrix/images/team-8.jpg]
[html.awaikenthemes.com/labrix/team.html]
[html.awaikenthemes.com/labrix/images/icon-location.svg]
[html.awaikenthemes.com/labrix/images/icon-phone.svg]
[html.awaikenthemes.com/labrix/team-single.html]
[html.awaikenthemes.com/labrix/pricing.html]
[html.awaikenthemes.com/labrix/images/icon-mail.svg]
[html.awaikenthemes.com/labrix/images/author-4.jpg]
[html.awaikenthemes.com/labrix/images/author-5.jpg]
[html.awaikenthemes.com/labrix/images/author-6.jpg]
[html.awaikenthemes.com/labrix/testimonials.html]
[html.awaikenthemes.com/labrix/images/gallery-1.jpg]
[html.awaikenthemes.com/labrix/images/gallery-2.jpg]
[html.awaikenthemes.com/labrix/images/gallery-3.jpg]
[html.awaikenthemes.com/labrix/images/gallery-4.jpg]
[html.awaikenthemes.com/labrix/images/gallery-5.jpg]
[html.awaikenthemes.com/labrix/images/gallery-6.jpg]
[html.awaikenthemes.com/labrix/images/gallery-7.jpg]
[html.awaikenthemes.com/labrix/images/gallery-8.jpg]
[html.awaikenthemes.com/labrix/images/gallery-9.jpg]
[html.awaikenthemes.com/labrix/image-gallery.html]
[html.awaikenthemes.com/labrix/video-gallery.html]
[html.awaikenthemes.com/labrix/faqs.html]
[html.awaikenthemes.com/labrix/images/404-error-img.png]
[html.awaikenthemes.com/labrix/404.html]
[html.awaikenthemes.com/labrix/images/contact-us-image.jpg]
[html.awaikenthemes.com/labrix/contact.html]
[html.awaikenthemes.com/labrix/images/video-circle.svg]
[html.awaikenthemes.com/labrix/images/icon-sparkle.svg]
[html.awaikenthemes.com/labrix/images/icon-service-1.svg]
[html.awaikenthemes.com/labrix/images/arrow-white.svg]
[html.awaikenthemes.com/labrix/images/icon-service-2.svg]
[html.awaikenthemes.com/labrix/images/icon-service-3.svg]
[html.awaikenthemes.com/labrix/images/icon-service-4.svg]
[html.awaikenthemes.com/labrix/images/icon-why-choose-1.svg]
[html.awaikenthemes.com/labrix/images/icon-why-choose-2.svg]
[html.awaikenthemes.com/labrix/images/icon-what-we-item-1.svg]
[html.awaikenthemes.com/labrix/images/icon-what-we-item-2.svg]
[html.awaikenthemes.com/labrix/images/icon-what-we-item-3.svg]
[html.awaikenthemes.com/labrix/images/icon-what-we-item-4.svg]
[html.awaikenthemes.com/labrix/images/arrow-primary.svg]
[html.awaikenthemes.com/labrix/images/testimonial-quote.svg]
[html.awaikenthemes.com/labrix/images/footer-logo.svg]
[html.awaikenthemes.com/labrix/images/icon-blockquote.svg]
[html.awaikenthemes.com/labrix/images/icon-mission.svg]
[html.awaikenthemes.com/labrix/images/icon-vision.svg]
[html.awaikenthemes.com/labrix/images/icon-experience.svg]
[html.awaikenthemes.com/labrix/images/icon-service-5.svg]
[html.awaikenthemes.com/labrix/images/icon-service-6.svg]
[html.awaikenthemes.com/labrix/images/icon-service-7.svg]
[html.awaikenthemes.com/labrix/images/icon-service-8.svg]
[html.awaikenthemes.com/labrix/images/icon-service-result-1.svg]
[html.awaikenthemes.com/labrix/images/icon-service-result-2.svg]
[html.awaikenthemes.com/labrix/images/icon-empowering-1.svg]
[html.awaikenthemes.com/labrix/images/icon-empowering-2.svg]
[html.awaikenthemes.com/labrix/images/icon-location.svg]
[html.awaikenthemes.com/labrix/images/icon-phone.svg]
[html.awaikenthemes.com/labrix/images/icon-mail.svg]
